KarvanCevitamGAN.csv
"";"date";"Year";"quarter";"Week";"Chain";"Brand";"UnitSales";"PricePU";"BasePricePU";"FeatDispl";"DispOnly";"FeatOnly";"Promotion";"Revenue";"MinTemp";"MaxTemp";"Sunshine";"Rain";"c1000_dummy";"UnitSalesLag";"PrivateLabelBasePricePU";"PrivateLabelPricePU";"PrivateLabelFeatDispl";"PrivateLabelDispOnly";"PrivateLabelFeatOnly";"PrivateLabelPromotion";"SlimpieBasePricePU";"SlimpiePricePU";"SlimpieFeatDispl";"SlimpieDispOnly";"SlimpieFeatOnly";"SlimpiePromotion";"UnitSalesLagg";"UnitSalesLaggg";"KarvanCevitamGO";"dummypositive";"dummynegative"
"67";2015-01-12;2015;1;3;"Albert Heijn";"KarvanCevitam";125225;2,761984428;2,762406868;0;0;0;0,999847075387448;345922,4000453;64;102;0;52;1;124182;2,327307446;2,326752726;0;0;0;0,999761647305794;1,835115316;1,834559432;0;0;0;0,999697084975994;121972;110358;0;0;0
"68";2015-01-19;2015;1;4;"Albert Heijn";"KarvanCevitam";129201;2,768011857;2,768293589;0;0;0;0,999898229002473;357666,299992389;5;16;0;0;1;125225;2,326791437;2,326281014;0;0;0;0,999780632250969;1,835879166;1,835302085;0;0;0;0,999685665042293;124182;121972;0;0;0
"69";2015-01-26;2015;1;5;"Albert Heijn";"KarvanCevitam";126651,8;2,768364129;2,76904789;0;0;0;0,999753069998367;350704,899554702;41;83;2;61;1;129201;2,327076558;2,326681642;0;0;0;0,999830295226583;1,835109858;1,834809683;0;0;0;0,99983642668656;125225;124182;0;0;0
"70";2015-02-02;2015;1;6;"Albert Heijn";"KarvanCevitam";126459;2,753001368;2,767242347;0;0;0;0,994853729014577;349942,699959273;6;55;38;34;1;126651,8;2,327193721;2,326639607;0;0;0;0,999761896057471;1,835996503;1,83532634;0;0;0;0,999634986777532;129201;125225;0;0;0
"71";2015-02-09;2015;1;7;"Albert Heijn";"KarvanCevitam";122576;2,752950822;2,767795168;0;2;0;0,994636761357335;339265,260512768;44;72;0;5;1;126459;2,326486109;2,325949677;0;0;0;0,999769423940283;1,834625185;1,834453333;0;0;0;0,999906328550701;126651,8;129201;0;0;0
"72";2015-02-16;2015;1;8;"Albert Heijn";"KarvanCevitam";727987;2,040272697;2,735379025;50;0;50;0,745882994039555;1991320,37027267;-49;77;88;0;1;122576;2,327494271;2,326887721;0;0;0;0,999739397854784;1,835488204;1,834822471;0;0;0;0,999637299221782;126459;126651,8;0;0;0
"73";2015-02-23;2015;1;9;"Albert Heijn";"KarvanCevitam";102225;2,670763512;2,758782613;0;5;0;0,96809494862508;282016,552613925;27;98;42;34;1;727987;2,327092216;2,326506981;0;0;0;0,999748512329689;1,835895133;1,83531129;0;0;0;0,999681984559191;122576;126459;0;0;0
"74";2015-03-02;2015;1;10;"Albert Heijn";"KarvanCevitam";109163;2,737826003;2,754698034;0;0;0;0,993875179496353;300711,101485542;16;84;68;8;1;102225;2,32248226;2,321811095;0;0;0;0,999711013939026;1,834874843;1,834449474;0;0;0;0,999768175468958;727987;122576;0;0;0
"75";2015-03-09;2015;1;11;"Albert Heijn";"KarvanCevitam";119451;2,883944044;2,894698181;0;1;0;0,996284884873115;345774,592418631;67;113;27;0;1;109163;2,326370519;2,325307369;0;0;0;0,999543000570495;1,835592948;1,835255345;0;0;0;0,999816079594135;102225;727987;0;0;0
"76";2015-03-16;2015;1;12;"Albert Heijn";"KarvanCevitam";123805;2,882319777;2,889472634;0;0;0;0,997524511249619;357731,15945237;6;128;74;0;1;119451;2,327315687;2,325013066;0;0;0;0,999010610802453;1,830813076;1,801917535;0;0;0;0,984217099288404;109163;102225;0;0;0
"77";2015-03-23;2015;1;13;"Albert Heijn";"KarvanCevitam";125283;2,885992513;2,891340989;0;0;0;0,998150174600523;362235,873124887;-29;93;92;0;1;123805;2,326784328;2,323710111;0;0;0;0,998678770110747;1,837365683;1,808971267;0;0;0;0,984546126956264;119451;109163;21;0;0
"78";2015-03-30;2015;1;14;"Albert Heijn";"KarvanCevitam";127751;2,888245885;2,892823159;0;0;0;0,998417713856528;369561,051385409;53;91;79;29;1;125283;2,323254463;2,322702056;0;0;0;0,999762227078954;1,835896356;1,808384243;0;0;0;0,985014343042794;123805;119451;15;0;0
"79";2015-04-06;2015;2;15;"Albert Heijn";"KarvanCevitam";131541;2,853631187;2,886173414;0;0;0;0,988724784573877;379650,137050974;16;117;18;0;1;127751;2,434534554;2,434357647;0;0;0;0,999927334364711;1,835932222;1,807951714;0;0;0;0,98475950927561;125283;123805;11;0;0
"80";2015-04-13;2015;2;16;"Albert Heijn";"KarvanCevitam";144316;2,855424901;2,885932647;0;0;0;0,989428808731308;416486,255884452;41;128;104;0;1;131541;2,434043438;2,433805256;0;0;0;0,999902145542565;1,806520686;1,805949036;0;0;0;0,999683562992425;127751;125283;10;0;0
"81";2015-04-20;2015;2;17;"Albert Heijn";"KarvanCevitam";150835;2,861320648;2,883510346;0;0;0;0,992304623414727;434934,28303891;43;171;126;0;1;144316;2,436605872;2,436060786;0;0;0;0,999776292913736;1,808980626;1,808598471;0;0;0;0,999788745664543;131541;127751;10;0;0
"82";2015-04-27;2015;2;18;"Albert Heijn";"KarvanCevitam";138361;2,868333562;2,888761271;0;0;0;0,992928557577578;399691,898216831;-3;126;116;0;1;150835;2,439127856;2,43856794;0;0;0;0,999770444177978;1,808468647;1,8080614;0;0;0;0,999774811136109;144316;131541;21;0;0
"83";2015-05-04;2015;2;19;"Albert Heijn";"KarvanCevitam";145964;2,871125757;2,87196295;0;0;0;0,99970849449851;419203,2000338;117;194;54;35;1;138361;2,43968393;2,438950963;0;0;0;0,999699564771081;1,811012004;1,370040525;0;0;0;0,75650549083826;150835;144316;41;0;0
"84";2015-05-11;2015;2;20;"Albert Heijn";"KarvanCevitam";169040;2,878608613;2,880300362;0;0;0;0,999412648409062;486885,97319248;91;256;105;0;1;145964;2,439747335;2,438936689;0;0;0;0,999667733626195;1,807449416;1,804806075;0;0;0;0,998537529749602;138361;150835;48;0;0
"85";2015-05-18;2015;2;21;"Albert Heijn";"KarvanCevitam";173306;2,869164368;2,881468422;0;17;0;0,99572993619987;499375,766343132;77;140;15;33;1;169040;2,429427335;2,42889943;0;0;0;0,999782703935041;1,809027169;1,808053364;0;0;0;0,999461696862995;145964;138361;94;0;0
"86";2015-05-25;2015;2;22;"Albert Heijn";"KarvanCevitam";182406;2,866151881;2,866816861;0;18;0;0,9997680423856;522924,596347566;97;153;33;10;1;173306;2,428519625;2,427956485;0;0;0;0,999768113877194;1,80502032;1,803949319;0;0;0;0,999406654325088;169040;145964;100;0;0
"87";2015-06-01;2015;2;23;"Albert Heijn";"KarvanCevitam";186178;2,853308662;2,888819682;0;17;0;0,987707429362495;537834,670755396;61;161;56;0;1;182406;2,425961201;2,425393681;0;0;0;0,999766063859651;1,808425875;1,807852119;0;0;0;0,999682731812273;173306;169040;45;0;0
"88";2015-06-08;2015;2;24;"Albert Heijn";"KarvanCevitam";911867;2,059064973;2,805594948;37;26;36;0,73391384400226;2558329,44844792;79;172;132;0;1;186178;2,421107948;2,420133943;0;0;0;0,999597702778679;1,808236184;1,807728931;0;0;0;0,999719476357962;182406;173306;72;1;0
"89";2015-06-15;2015;2;25;"Albert Heijn";"KarvanCevitam";141896;2,745121075;2,860214802;0;19;0;0,959760460326434;405853,039544592;76;175;139;0;1;911867;2,425665093;2,424348141;0;0;0;0,999457075915467;1,814020874;1,813939856;0;0;0;0,999955337889899;186178;182406;60;0;0
"90";2015-06-22;2015;2;26;"Albert Heijn";"KarvanCevitam";145696,4;2,86656019;2,87434061;0;10;0;0,997293146131349;418781,079250804;76;153;14;39;1;141896;2,42524218;2,424742009;0;0;0;0,99979376451386;1,813552081;1,813424832;0;0;0;0,9999298343834;911867;186178;21;0;0
"91";2015-06-29;2015;2;27;"Albert Heijn";"KarvanCevitam";253306;2,873346072;2,881297167;0;10;0;0,997240446042475;729849,860184102;112;242;92;0;1;145696,4;2,423706503;2,423259877;0;0;0;0,999815726038014;1,81189554;1,811595957;0;0;0;0,999834657686723;141896;911867;79;1;0
"92";2015-07-06;2015;3;28;"Albert Heijn";"KarvanCevitam";153980,8;2,876994404;2,878815063;0;6;0;0,999367566529924;443282,24645279;139;238;109;0;1;253306;2,358783339;1,846453086;0;77;0;0,782798935142046;1,808056258;1,807747346;0;0;0;0,999829146909211;145696,4;141896;49;0;0
"93";2015-07-13;2015;3;29;"Albert Heijn";"KarvanCevitam";814560,1;2,055610261;2,85536563;51;0;49;0,719911397476617;2325866,91310936;163;196;1;97;0;153980,8;2,405516984;2,391166963;0;0;0;0,99403453765014;1,785392264;1,784709031;0;0;0;0,999617320510581;253306;145696,4;74;0;0
"94";2015-07-20;2015;3;30;"Albert Heijn";"KarvanCevitam";126522;2,718320924;2,866545074;0;29;0;0,948291707901468;362681,015852628;96;214;36;4;0;814560,1;2,419287489;2,417964501;0;0;0;0,999453149736848;1,793797909;1,793336907;0;0;0;0,999743002264811;153980,8;253306;41;0;0
"95";2015-07-27;2015;3;31;"Albert Heijn";"KarvanCevitam";106602,1;2,870435948;2,872129452;0;14;0;0,999410366409905;306175,031055049;142;197;29;49;0;126522;2,42233467;2,421571899;0;0;0;0,999685109159586;1,797742693;1,797109531;0;0;0;0,999647801655673;814560,1;153980,8;36;0;0
"96";2015-08-03;2015;3;32;"Albert Heijn";"KarvanCevitam";135315;2,846425008;2,861055011;0;10;0;0,994886500628701;387143,658813465;124;300;129;0;0;106602,1;2,423457519;2,422061771;0;0;0;0,999424067478362;1,803568922;1,803368421;0;0;0;0,999888830974212;126522;814560,1;31;0;0
"97";2015-08-10;2015;3;33;"Albert Heijn";"KarvanCevitam";135553;2,860805737;2,880348957;0;11;0;0,993214981833189;390439,942168221;147;252;48;0;0;135315;2,425204144;2,424660885;0;0;0;0,999775994527577;1,812746774;1,807681789;0;0;0;0,997205905936424;106602,1;126522;12;0;0
"98";2015-08-17;2015;3;34;"Albert Heijn";"KarvanCevitam";139694;2,817133162;2,874740022;0;11;0;0,979961019236821;401583,932633268;129;152;0;198;0;135553;2,425908496;2,425439541;0;0;0;0,999806688916431;1,803441166;1,373170141;0;0;0;0,761416655496262;135315;106602,1;22;0;0
"99";2015-08-24;2015;3;35;"Albert Heijn";"KarvanCevitam";347332;2,044228001;2,835441223;49;5;46;0,720955872552749;984839,470867036;133;231;48;16;0;139694;2,426250787;2,425639411;0;0;0;0,999748016155924;1,827724999;1,797638614;0;0;0;0,983538888499932;135553;135315;31;0;1
"100";2015-08-31;2015;3;36;"Albert Heijn";"KarvanCevitam";137494;2,80316232;2,867099668;0;12;0;0,977699642355091;394209,001751992;175;265;45;31;0;347332;2,425227208;2,424332727;0;0;0;0,999631176412235;1,828869406;1,788962355;0;0;0;0,978179387293004;139694;135553;25;0;0
"101";2015-09-07;2015;3;37;"Albert Heijn";"KarvanCevitam";123219;2,811987599;2,875243423;0;8;0;0,977999836989802;354284,619338637;123;169;35;23;0;137494;2,429204641;2,428056646;0;0;0;0,999527419394552;1,82498003;1,799458108;0;0;0;0,986015232177636;347332;139694;15;0;0
"102";2015-09-14;2015;3;38;"Albert Heijn";"KarvanCevitam";121041;2,818988607;2,821583062;0;10;0;0,999080496677577;341527,235407542;113;198;36;43;0;123219;2,428241878;2,427433137;0;0;0;0,999666943805176;1,815156893;1,805518032;0;0;0;0,994689791809638;137494;347332;20;0;0
"103";2015-09-21;2015;3;39;"Albert Heijn";"KarvanCevitam";123447;2,812173645;2,830947666;0;8;0;0,993368291040672;349471,996524702;110;186;52;24;0;121041;2,425435558;2,424096036;0;0;0;0,999447718989861;1,809319037;1,808640356;0;0;0;0,999624896999301;123219;137494;10;0;0
"104";2015-09-28;2015;3;40;"Albert Heijn";"KarvanCevitam";674903;2,053517913;2,800037436;50;0;50;0,733389449225921;1889753,66566871;44;160;25;0;0;123447;2,419248488;2,418069746;0;0;0;0,999512765221991;1,810508455;1,809732748;0;1;0;0,999571552953615;121041;123219;20;0;0
"105";2015-10-05;2015;4;41;"Albert Heijn";"KarvanCevitam";100546;2,750462475;2,793462714;0;11;0;0,984606832665245;280871,502041844;57;169;34;20;0;674903;2,42850284;2,427915858;0;0;0;0,999758294703085;1,810503853;1,810266746;0;0;0;0,999869038113558;123447;121041;10;0;0
"106";2015-10-12;2015;4;42;"Albert Heijn";"KarvanCevitam";95567;2,740576768;2,871206022;0;9;0;0,954503698794485;274392,545904474;9;102;82;0;0;100546;2,429288712;2,428086446;0;0;0;0,999505095465162;1,810288551;1,801191437;0;0;0;0,994974771289928;674903;123447;0;0;0
"107";2015-10-19;2015;4;43;"Albert Heijn";"KarvanCevitam";103019;2,758169852;2,817851521;0;7;0;0,97882015125523;290292,245841899;52;125;0;0;0;95567;2,430224511;2,428018538;0;0;0;0,999092276046919;1,812417663;1,801323494;0;0;0;0,993878801102812;100546;674903;10;0;0
"108";2015-10-26;2015;4;44;"Albert Heijn";"KarvanCevitam";117721;2,669902566;2,823867528;0;0;0;0,945477271694453;332428,509263688;30;158;90;0;0;103019;2,429678621;2,427929658;0;0;0;0,999280166938589;1,802066061;1,731741881;0;1;0;0,960975803539091;95567;100546;10;0;0
"109";2015-11-02;2015;4;45;"Albert Heijn";"KarvanCevitam";117673;2,663518394;2,785896475;0;5;0;0,956072279749735;327824,795902675;9;159;85;0;0;117721;2,43073199;2,429214339;0;0;0;0,999375640339518;1,805871461;1,737869315;0;0;0;0,96234386141617;103019;95567;14;0;0
"110";2015-11-09;2015;4;46;"Albert Heijn";"KarvanCevitam";118073;2,663845248;2,771873068;0;3;0;0,961027140366876;327283,368757964;120;160;7;65;0;117673;2,430001297;2,428506566;0;0;0;0,999384884690455;1,800875383;1,740321575;0;0;0;0,966375348027066;117721;103019;19;0;0
"111";2015-11-16;2015;4;47;"Albert Heijn";"KarvanCevitam";121123;2,666464668;2,764158172;0;2;0;0,964657050023547;334803,130267156;113;137;0;27;0;118073;2,430067471;2,428807097;0;0;0;0,999481341972994;1,804349435;1,742265769;0;0;0;0,965592215789399;117673;117721;9;0;0
"112";2015-11-23;2015;4;48;"Albert Heijn";"KarvanCevitam";454665;2,291232886;2,662580287;50;0;50;0,860531003398058;1210582,06618885;-26;80;42;0;0;121123;2,426958611;2,426408739;0;0;0;0,999773431653302;1,742286664;1,737517434;0;1;0;0,997262660560662;118073;117673;0;1;0
"113";2015-11-30;2015;4;49;"Albert Heijn";"KarvanCevitam";101494;2,639209214;2,660922021;0;9;0;0,991840119015649;270067,619599374;65;126;0;127;0;454665;2,429041102;2,428594806;0;0;0;0,999816266591935;1,736020054;1,414005077;0;0;0;0,814509644483635;121123;118073;28;0;1
"114";2015-12-07;2015;4;50;"Albert Heijn";"KarvanCevitam";105157,5;2,66775551;2,668065521;0;0;0;0,999883806826497;280567,100024557;88;124;11;27;0;101494;2,43291161;2,421578469;0;0;0;0,995341737466574;1,741526898;1,74140669;0;0;0;0,99993097551342;454665;121123;0;0;0
"115";2015-12-14;2015;4;51;"Albert Heijn";"KarvanCevitam";112900;2,669596103;2,670212238;0;0;0;0,999769256169517;301466,9616702;64;100;7;0;0;105157,5;2,431894325;2,431336595;0;0;0;0,999770660265018;1,741846578;1,741183805;0;0;0;0,999619499783522;101494;454665;10;0;0
"116";2015-12-21;2015;4;52;"Albert Heijn";"KarvanCevitam";112304;2,669890654;2,671445789;0;0;0;0,999417867655633;300014,047887856;84;118;15;50;0;112900;2,429953809;2,429321356;0;0;0;0,999739726328271;1,741933419;1,741257647;0;0;0;0,999612056354951;105157,5;101494;0;0;0
"117";2015-12-28;2015;4;53;"Albert Heijn";"KarvanCevitam";119281;2,866808628;2,866813659;0;0;0;0,999998245089985;341956,400059179;65;121;56;0;0;112304;2,540028289;2,540012788;0;0;0;0,999993897312063;1,98931163;1,98931163;0;0;0;1;112900;105157,5;0;0;0
"118";2016-01-04;2016;1;1;"Albert Heijn";"KarvanCevitam";122760;2,868267351;2,868395845;0;0;0;0,999955203532935;352124,2739322;38;70;0;115;0;119281;2,540486766;2,53999025;0;0;0;0,999804558714241;1,990218434;1,990218434;0;0;0;1;112304;112900;20;0;0
"119";2016-01-11;2016;1;2;"Albert Heijn";"KarvanCevitam";123682;2,86947171;2,870190559;0;0;0;0,999749546594477;354990,908718238;21;67;0;20;0;122760;2,541279185;2,539995617;0;0;0;0,999494912637865;1,99107867;1,990841154;0;0;0;0,999880709886767;119281;112304;10;0;0
"120";2016-01-18;2016;1;3;"Albert Heijn";"KarvanCevitam";129387;2,86792568;2,869557686;0;0;0;0,999431269143686;371283,460318482;-67;0;69;0;0;123682;2,540425681;2,53958626;0;0;0;0,999669574667632;1,990834113;1,990570894;0;0;0;0,999867784564128;122760;119281;10;0;0
"121";2016-01-25;2016;1;4;"Albert Heijn";"KarvanCevitam";130615;2,868844313;2,870520569;0;0;0;0,999416044595499;374933,044119935;74;146;48;0;0;129387;2,541476538;2,540265922;0;0;0;0,999523656432826;1,990479574;1,990367081;0;0;0;0,999943484474059;123682;122760;20;0;0
"122";2016-02-01;2016;1;5;"Albert Heijn";"KarvanCevitam";122430;2,869228947;2,873757525;0;0;0;0,998424161412157;351834,13378575;106;119;0;21;0;130615;2,540514893;2,539075213;0;0;0;0,999433311725915;1,991638174;1,990426489;0;0;0;0,999391613890606;129387;123682;10;0;0
"123";2016-02-08;2016;1;6;"Albert Heijn";"KarvanCevitam";733210;2,052151225;2,82812811;50;0;50;0,725621734653314;2073611,8115331;70;99;35;102;0;122430;2,540248184;2,535693701;0;0;0;0,998207071644146;1,933841287;1,857991563;0;0;0;0,960777689198235;130615;129387;0;0;0
"124";2016-02-15;2016;1;7;"Albert Heijn";"KarvanCevitam";95972;2,76495853;2,794393859;0;0;0;0,989466291981284;268183,567435948;-31;56;55;1;0;733210;2,538196957;2,512113311;0;0;0;0,989723553198634;1,882317043;1,856462467;0;0;0;0,986264494551463;122430;130615;16;0;0
"125";2016-02-22;2016;1;8;"Albert Heijn";"KarvanCevitam";99293;2,853395506;2,876166684;0;0;0;0,992082803084162;285583,218554412;44;113;0;58;0;95972;2,539399743;2,538150793;0;0;0;0,999508171171773;1,868279628;1,857545227;0;0;0;0,994254392736974;733210;122430;10;0;0
"126";2016-02-29;2016;1;9;"Albert Heijn";"KarvanCevitam";105537;2,85801283;2,861624543;0;0;0;0,998737880198562;302007,269394591;-43;67;97;0;0;99293;2,539003048;2,537691476;0;0;0;0,999483430316859;1,857843564;1,754554616;0;0;0;0,944403850786223;95972;733210;21;0;0
"127";2016-03-07;2016;1;10;"Albert Heijn";"KarvanCevitam";116782;2,829915569;2,832424832;0;0;0;0,99911409370104;330776,236730624;-8;78;46;15;0;105537;2,538678265;2,538058245;0;0;0;0,999755770548577;1,838119381;1,754392187;0;0;0;0,954449534200303;99293;95972;10;0;0
"128";2016-03-14;2016;1;11;"Albert Heijn";"KarvanCevitam";122878;2,857596152;2,858637398;0;0;0;0,999635754432959;351263,646191444;-20;104;102;0;0;116782;2,539634971;2,538291677;0;0;0;0,999471068080516;1,844901298;1,756694708;0;0;0;0,95218899238912;105537;99293;10;0;0
"129";2016-03-21;2016;1;12;"Albert Heijn";"KarvanCevitam";127281;2,96174213;2,961889864;0;0;0;0,999950121710535;376992,303779784;58;93;0;11;0;122878;2,539094766;2,538083176;0;0;0;0,999601594232108;1,834062958;1,758412973;0;0;0;0,958752787263915;116782;105537;10;1;0
"130";2016-03-28;2016;1;13;"Albert Heijn";"KarvanCevitam";119622;2,960147799;2,960168698;0;0;0;0,999992939929399;354101,299992156;75;129;62;12;0;127281;2,539428267;2,538166895;0;0;0;0,999503285043964;1,755023705;1,754711345;0;0;0;0,999822019498022;122878;116782;31;0;0
"131";2016-04-04;2016;2;14;"Albert Heijn";"KarvanCevitam";680300;2,059178745;2,935987042;50;0;50;0,7013582538148;1997351,9846726;75;158;51;28;0;119622;2,535312853;2,534309912;0;0;0;0,9996044113456;1,759268782;1,756532258;0;0;0;0,998444510567118;127281;122878;41;0;0
