KarvanCevitamGAN.csv
"";"date";"Year";"quarter";"Week";"Chain";"Brand";"UnitSales";"PricePU";"BasePricePU";"FeatDispl";"DispOnly";"FeatOnly";"Promotion";"Revenue";"MinTemp";"MaxTemp";"Sunshine";"Rain";"c1000_dummy";"UnitSalesLag";"PrivateLabelBasePricePU";"PrivateLabelPricePU";"PrivateLabelFeatDispl";"PrivateLabelDispOnly";"PrivateLabelFeatOnly";"PrivateLabelPromotion";"SlimpieBasePricePU";"SlimpiePricePU";"SlimpieFeatDispl";"SlimpieDispOnly";"SlimpieFeatOnly";"SlimpiePromotion";"UnitSalesLagg";"UnitSalesLaggg";"KarvanCevitamGO";"dummypositive";"dummynegative"
"132";2016-04-11;2016;2;15;"Albert Heijn";"KarvanCevitam";102969;2,875658693;2,890729519;0;17;0;0,994786497352677;297655,527841911;73;182;127;0;0;680300;2,537388779;2,536470176;0;0;0;0,999637973097539;1,756622604;1,755544938;0;0;0;0,999386512505563;119622;127281;21;0;1
"133";2016-04-18;2016;2;16;"Albert Heijn";"KarvanCevitam";108978;2,923530437;2,955319207;0;24;0;0,989243540960075;322064,776540446;-1;130;67;0;0;102969;2,536905004;2,535809386;0;0;0;0,999568128093771;1,757304708;1,756585618;0;0;0;0,999590799480178;680300;119622;32;0;0
"134";2016-04-25;2016;2;17;"Albert Heijn";"KarvanCevitam";108070;2,919234755;2,965152248;0;23;0;0,984514288252493;320444,00344136;17;80;17;33;0;108978;2,533500511;2,466171373;0;0;0;0,973424462435405;1,755492941;1,754900366;0;0;0;0,999662445239078;102969;680300;37;0;0
"135";2016-05-02;2016;2;18;"Albert Heijn";"KarvanCevitam";142128;2,927571626;2,958123838;0;23;0;0,989671760320671;420432,224847264;16;179;105;1;0;108070;2,536353498;2,479440129;0;0;0;0,977560947618351;1,755523829;1,754874883;0;0;0;0,999630340534671;108978;102969;18;0;0
"136";2016-05-09;2016;2;19;"Albert Heijn";"KarvanCevitam";163870;2,932532495;2,940681236;0;23;0;0,997228961473198;481889,43414332;142;253;131;0;0;142128;2,540388194;2,493885185;0;0;0;0,981694526407486;1,75656947;1,756434956;0;0;0;0,999923422328409;108070;108978;43;0;0
"137";2016-05-16;2016;2;20;"Albert Heijn";"KarvanCevitam";141451;2,935217849;2,939397153;0;13;0;0,998578176482299;415780,666689003;40;136;42;5;0;163870;2,538848565;2,511090799;0;0;0;0,9890667894168;1,756954519;1,756778083;0;0;0;0,999899578504684;142128;108070;31;0;0
"138";2016-05-23;2016;2;21;"Albert Heijn";"KarvanCevitam";132658;2,951114143;2,95850143;0;13;0;0,997503030782716;392468,88270094;105;133;1;158;0;141451;2,527833449;2,032349378;100;0;0;0,803988640471542;1,758381404;1,75673072;0;0;0;0,99906124803399;163870;142128;25;0;0
"139";2016-05-30;2016;2;22;"Albert Heijn";"KarvanCevitam";147959;2,948311357;2,950745666;0;19;0;0,999175019037374;436589,377995694;153;180;0;32;0;132658;2,529254343;2,499391704;0;0;0;0,988193105575701;1,747790126;1,4404971;0;1;0;0,824181964740085;141451;163870;25;0;0
"140";2016-06-06;2016;2;23;"Albert Heijn";"KarvanCevitam";154891;2,950422555;2,955019708;0;20;0;0,998444290240246;457705,957591828;117;256;146;0;0;147959;2,531112072;2,448117873;0;0;0;0,96721038158756;1,75866103;1,752922992;0;0;0;0,996737268921004;132658;141451;21;0;0
"141";2016-06-13;2016;2;24;"Albert Heijn";"KarvanCevitam";888456;1,78445618;2,878308492;50;0;50;0,619966964958668;2557250,44956835;146;190;14;15;0;154891;2,532664033;2,524397419;0;0;0;0,996736000554243;1,756732833;1,754468884;0;0;0;0,998711273019168;147959;132658;20;0;1
"142";2016-06-20;2016;2;25;"Albert Heijn";"KarvanCevitam";116147;2,775208141;2,81509616;0;22;0;0,985830672654536;326964,97369552;141;168;2;90;0;888456;2,516337187;2,088770647;0;0;0;0,83008376532012;1,756566064;1,755945291;0;0;0;0,999646598546606;154891;147959;20;0;0
"143";2016-06-27;2016;2;26;"Albert Heijn";"KarvanCevitam";109869;2,945464144;2,957430292;0;19;0;0,995953869806376;324929,908751748;109;189;38;20;0;116147;2,529403616;2,522612264;0;0;0;0,997315038233898;1,754651351;1,754538101;0;0;0;0,999935457263384;888456;154891;15;0;0
"144";2016-07-04;2016;3;27;"Albert Heijn";"KarvanCevitam";123635;2,936974967;2,951458515;0;12;0;0,995092748915022;364903,573502025;86;228;132;0;0;109869;2,539638865;2,510626362;0;0;0;0,988576130488537;1,754834147;1,753447165;0;0;0;0,999209622172915;116147;888456;11;0;0
"145";2016-07-11;2016;3;28;"Albert Heijn";"KarvanCevitam";116567;2,942390213;2,946549352;0;16;0;0,998588471291962;343470,418314584;162;217;62;0;0;123635;2,38867336;1,50452009;0;18;0;0,629855933923088;1,751688016;1,751113009;0;0;0;0,999671741203486;109869;116147;22;0;0
"146";2016-07-18;2016;3;29;"Albert Heijn";"KarvanCevitam";162536;2,935857902;2,943502912;0;15;0;0,997402750998196;478425,189304832;132;265;134;0;0;116567;2,598570394;2,334346479;0;18;0;0,898319508445843;1,753255907;1,75288355;0;0;0;0,999787619708844;123635;109869;19;0;0
"147";2016-07-25;2016;3;30;"Albert Heijn";"KarvanCevitam";124420;2,940819804;2,949585937;0;6;0;0,99702801234233;366987,48228154;126;224;38;3;0;162536;2,492155942;2,291803914;0;0;0;0,919606945687671;1,750914617;1,746017901;0;0;0;0,99720333821395;116567;123635;12;0;0
"148";2016-08-01;2016;3;31;"Albert Heijn";"KarvanCevitam";106178;2,930521389;2,946750885;0;7;0;0,994492409900472;312880,11546753;131;210;84;11;0;124420;2,575218796;2,366666667;0;14;0;0,919015763117318;1,750560986;1,744792733;0;0;0;0,99670491171337;162536;116567;13;0;0
"149";2016-08-08;2016;3;32;"Albert Heijn";"KarvanCevitam";101908;2,939831024;2,943382729;0;7;0;0,99879332546019;299954,247146932;125;205;68;6;0;106178;2,511491287;2,420679086;0;9;0;0,963841323491719;1,753430321;1,751736456;0;0;0;0,999033970737409;124420;162536;13;0;0
"150";2016-08-15;2016;3;33;"Albert Heijn";"KarvanCevitam";120458;2,943784556;2,947575632;0;8;0;0,998713832493782;355059,065479456;82;217;123;0;0;101908;2,459652226;2,439565733;0;7;0;0,991833604447135;1,755654115;1,754592083;0;0;0;0,999395079024435;106178;124420;0;0;0
"151";2016-08-22;2016;3;34;"Albert Heijn";"KarvanCevitam";637182;2,080328697;2,901662358;50;0;50;0,716943751661681;1848887,02459516;142;227;41;57;0;120458;2,430799993;2,427220213;0;11;0;0,998527324333426;1,756418463;1,756118418;0;0;0;0,999829172258024;101908;106178;12;0;0
"152";2016-08-29;2016;3;35;"Albert Heijn";"KarvanCevitam";109906;2,933366695;2,94069935425;0;10;0;0,997506491359138;323200,5032282;100;214;57;3;0;637182;2,47689688;2,463799244;0;0;0;0,994712078607003;1,752788692;1,752603143;0;0;0;0,999894140690862;120458;101908;17;0;0
"153";2016-09-05;2016;3;36;"Albert Heijn";"KarvanCevitam";119278;2,957708882;2,959346608;0;7;0;0,999446592029615;352984,944709024;115;228;80;0;0;109906;2,479386967;2,473194862;0;0;0;0,99750256612525;1,754057605;1,753873647;0;0;0;0,999895124310926;637182;120458;17;0;0
"154";2016-09-12;2016;3;37;"Albert Heijn";"KarvanCevitam";144258;2,952517018;2,954212819;0;0;0;0,999425971958048;426168,832843302;150;281;115;0;0;119278;2,488140284;2,47911491;0;0;0;0,996372642628698;1,874534136;1,874534136;9;2;5;1;109906;637182;11;0;0
"155";2016-09-19;2016;3;38;"Albert Heijn";"KarvanCevitam";131290;2,951176784;2,952076446;0;0;0;0,999695244341921;387578,11659534;95;198;15;0;0;144258;2,38709176;2,02079073;97;0;3;0,846549246183984;1,784252582;1,780709174;0;2;0;0,998014065925561;119278;109906;22;0;0
"156";2016-09-26;2016;3;39;"Albert Heijn";"KarvanCevitam";126091;2,953022024;2,954936354;0;7;0;0,99935215863536;372590,879812214;76;191;42;0;0;131290;2,455647811;2,432181047;0;4;0;0,990443758304883;1,793840377;1,76933526;0;8;0;0,986339299017797;144258;119278;11;0;0
"157";2016-10-03;2016;4;40;"Albert Heijn";"KarvanCevitam";118815;2,951317595;2,954634486;0;8;0;0,998877393797535;351054,89645409;111;190;95;0;0;126091;2,450823963;2,443013225;0;0;0;0,996813015492782;1,762780087;1,761507663;0;0;0;0,999278172013977;131290;144258;11;0;0
"158";2016-10-10;2016;4;41;"Albert Heijn";"KarvanCevitam";111126,5;2,954451908;2,956427137;0;0;0;0,999331886460086;328537,40023983;19;135;64;0;0;118815;2,455166311;2,406962484;0;13;0;0,980366369975007;1,754378626;1,753656726;0;0;0;0,999588515278685;126091;131290;11;0;0
"159";2016-10-17;2016;4;42;"Albert Heijn";"KarvanCevitam";107986,3;2,954869275;2,956403313;0;0;0;0,999481113421415;319251,055078612;82;163;43;4;0;111126,5;2,484089793;2,444694557;0;5;0;0,984140977467476;1,755486992;1,755031204;0;0;0;0,999740363783909;118815;126091;0;0;0
"160";2016-10-24;2016;4;43;"Albert Heijn";"KarvanCevitam";119006;2,957126531;2,957334924;0;0;0;0,999929533514007;351940,599965544;41;95;8;0;0;107986,3;2,495489651;2,465682936;0;13;0;0,988055764932523;1,753827351;1,753537888;0;0;0;0,999834953537568;111126,5;118815;11;0;0
"161";2016-10-31;2016;4;44;"Albert Heijn";"KarvanCevitam";119341;2,952591314;2,959068137;0;1;0;0,997811195045151;353138,150537717;29;162;81;0;0;119006;2,490324603;2,474636903;0;4;0;0,993700540089793;1,753528896;1,752877021;0;0;0;0,999628249639064;107986,3;111126,5;0;0;0
"162";2016-11-07;2016;4;45;"Albert Heijn";"KarvanCevitam";114205,5;2,953192272;2,95876114;0;0;0;0,998117837927262;337906,79537427;-1;57;3;19;0;119341;2,49123891;2,38012622;0;0;9;0,955398621322915;1,752900314;1,752649927;0;0;0;0,999857158448772;119006;107986,3;0;1;0
"163";2016-11-14;2016;4;46;"Albert Heijn";"KarvanCevitam";115716;2,955614608;2,959103307;0;0;0;0,998821028319036;342415,598272812;-23;69;0;68;0;114205,5;2,488520509;2,457711763;0;6;0;0,987619653569831;1,752166535;1,751982326;0;1;0;0,999894867869965;119341;119006;10;0;0
"164";2016-11-21;2016;4;47;"Albert Heijn";"KarvanCevitam";614184;2,061058738;2,947169346;51;0;49;0,699335021517287;1810104,25760366;81;139;1;54;0;115716;2,476736722;2,424436975;0;1;0;0,978883606587879;1,753960427;1,753602909;0;0;0;0,999796165298546;114205,5;119341;0;0;0
"165";2016-11-28;2016;4;48;"Albert Heijn";"KarvanCevitam";89222;2,877406918;2,891182193;0;0;0;0,995235417873923;257957,057623846;-41;42;71;0;0;614184;2,490793812;2,45748073;0;5;0;0,986625515994336;1,753025232;1,752870752;0;0;0;0,999911878051051;115716;114205,5;0;0;0
"166";2016-12-05;2016;4;49;"Albert Heijn";"KarvanCevitam";89331;2,944040703;2,953377877;0;7;0;0,99683847635187;263828,199130287;-69;41;67;0;0;89222;2,498142362;2,472955738;0;0;0;0,989917858812564;1,752592256;1,752371362;0;0;0;0,999873961556521;614184;115716;0;0;0
"167";2016-12-12;2016;4;50;"Albert Heijn";"KarvanCevitam";98706;2,947613114;2,956888809;0;0;0;0,996863022048118;291862,666781154;8;76;0;0;0;89331;2,498180641;2,470989313;0;0;0;0,989115547709506;1,754749186;1,75457329;0;0;0;0,999899760033284;89222;614184;0;0;0
"168";2016-12-19;2016;4;51;"Albert Heijn";"KarvanCevitam";528564;2,08064416;2,939553885;52;0;48;0,707809498106887;1553742,35967114;-2;75;45;0;0;98706;2,48361105;2,470257724;0;0;0;0,994623423019478;1,755220554;1,754581183;0;0;0;0,999635731818122;89331;89222;0;0;0
"169";2016-12-26;2016;4;52;"Albert Heijn";"KarvanCevitam";80801;2,783734112;2,91407736;0;4;0;0,955271177838601;235460,36476536;61;118;46;7;0;528564;2,480583583;2,474257508;0;0;0;0,997449763417224;1,754894481;1,754577922;0;0;0;0,999819613655734;98706;89331;0;0;0
